// Vitest Snapshot v1, https://vitest.dev/guide/snapshot.html

exports[`InvestmentDetails > should match snapshot 1`] = `
"<div class="bg-white pt-6 pb-10 sm:pt-8 sm:pb-12 md:pt-10 md:pb-14 lg:pt-[93px] lg:pb-[137px]">
  <div class="max-w-7xl mx-auto px-4 sm:px-6 lg:px-8 xl:px-16">
    <div class="flex flex-col lg:flex-row gap-8 lg:gap-12">
      <div class="w-full lg:w-[280px] lg:flex-shrink-0">
        <div class="sticky top-8">
          <nav class="space-y-2"><button class="block text-left text-primary-200 font-hanken-grotesk font-bold text-base leading-5 hover:text-primary-300 transition-colors cursor-pointer">Offering Terms and Documents</button><button class="block text-left text-primary-200 font-hanken-grotesk font-bold text-base leading-5 hover:text-primary-300 transition-colors cursor-pointer">Team</button><button class="block text-left text-primary-200 font-hanken-grotesk font-bold text-base leading-5 hover:text-primary-300 transition-colors cursor-pointer">Marketing Plan</button><button class="block text-left text-primary-200 font-hanken-grotesk font-bold text-base leading-5 hover:text-primary-300 transition-colors cursor-pointer">FAQ</button></nav>
        </div>
      </div>
      <div class="w-full lg:w-[906px] lg:flex-shrink-0">
        <div id="offering-terms">
          <div class="stub-investment-cards">Offering Terms Documents</div>
        </div>
        <div id="team" class="mt-10">
          <div class="stub-investment-team">Team</div>
        </div>
        <div id="marketing-plan" class="mt-10">
          <div class="stub-investment-marketing">Marketing Plan</div>
        </div>
        <div id="faq" class="mt-10">
          <div class="stub-investment-faq">FAQ</div>
        </div>
      </div>
    </div>
  </div>
</div>"
`;
